// Vitest Snapshot v1, https://vitest.dev/guide/snapshot.html

exports[`SPageAlbumSingle Snapshot > renders with auth disabled and minimal album data correctly 1`] = `
"<div>
  <header class="bg-background sticky top-0 z-40 border-b border-gray-200 transition-all duration-300 dark:border-gray-800 bg-background sticky top-0 z-10 transition-all duration-300">
    <div class="w-full max-w-(--ui-container) mx-auto px-4 sm:px-6 lg:px-8">
      <div class="flex flex-col items-center justify-between gap-4 py-3 sm:flex-row">
        <div class="flex min-w-0 flex-grow items-center gap-3">
          <!--v-if-->
          <div class="min-w-0 flex-grow">
            <h1 class="truncate text-xl font-bold text-gray-900 transition-all duration-300 sm:text-2xl dark:text-white">Minimal Album</h1>
            <div class="truncate text-sm text-gray-500 dark:text-gray-400"></div>
          </div>
        </div>
        <div class="flex w-full flex-shrink-0 items-center justify-end gap-3 sm:w-auto"><a href="https://serp.ly/@daftfm/amazon/music/unlimited" rel="noopener noreferrer" target="_blank" class="rounded-md font-medium inline-flex items-center disabled:cursor-not-allowed aria-disabled:cursor-not-allowed disabled:opacity-75 aria-disabled:opacity-75 transition-colors px-2.5 py-1.5 text-xs gap-1.5 w-full sm:w-auto"><span class="iconify i-heroicons:arrow-top-right-on-square shrink-0 size-4" aria-hidden="true"></span><span class="truncate">Listen Free</span>
            <!--v-if-->
          </a></div>
      </div>
      <nav class="-mx-4 flex overflow-x-auto border-t border-gray-200 px-4 sm:-mx-6 sm:px-6 dark:border-gray-800"><a href="#overview" class="font-medium inline-flex items-center disabled:cursor-not-allowed aria-disabled:cursor-not-allowed disabled:opacity-75 aria-disabled:opacity-75 transition-colors px-2.5 py-1.5 text-xs gap-1.5 flex-shrink-0 rounded-none whitespace-nowrap">
          <!--v-if--><span class="truncate">Overview</span>
          <!--v-if-->
        </a><a href="#songs" class="font-medium inline-flex items-center disabled:cursor-not-allowed aria-disabled:cursor-not-allowed disabled:opacity-75 aria-disabled:opacity-75 transition-colors px-2.5 py-1.5 text-xs gap-1.5 flex-shrink-0 rounded-none whitespace-nowrap">
          <!--v-if--><span class="truncate">Songs</span>
          <!--v-if-->
        </a></nav>
    </div>
  </header><!-- Main content wrapper -->
  <div class="mx-auto max-w-7xl p-4 md:p-6 lg:p-8">
    <!-- Breadcrumbs -->
    <nav aria-label="breadcrumb" class="relative min-w-0 mb-6">
      <ol class="flex items-center gap-1.5"></ol>
    </nav><!-- Grid Layout -->
    <div class="grid gap-6 lg:grid-cols-3">
      <!-- Main Content Column (70%) -->
      <div class="space-y-8 lg:col-span-2">
        <!-- Songs / Tracklist Section -->
        <section id="songs" class="scroll-mt-24" data-adsense-content="album-tracklist">
          <h2 class="mb-4 text-2xl font-semibold">Tracklist</h2>
          <div class="rounded-lg bg-default ring ring-default divide-y divide-default">
            <!--v-if-->
            <div class="p-4 sm:p-6 [object Object]">
              <p class="text-sm text-gray-500 dark:text-gray-400"> No tracklist available. </p>
            </div>
            <!--v-if-->
          </div>
        </section><!-- Overview Section -->
        <section id="overview" class="scroll-mt-24" data-adsense-content="album-overview">
          <h2 class="mb-4 text-2xl font-semibold">Overview</h2>
          <div class="prose dark:prose-invert max-w-none">Minimal album overview.</div>
        </section><!-- Other Albums by Artist Section -->
        <!--v-if-->
      </div><!-- Sidebar Column (30%) -->
      <div class="space-y-6 lg:col-span-1">
        <!-- Album image -->
        <!--v-if-->
        <!-- Album Info Card -->
        <div class="rounded-lg bg-default ring ring-default divide-y divide-default">
          <div class="p-4 sm:px-6">
            <div class="font-medium">Album Info</div>
          </div>
          <div class="p-4 sm:p-6">
            <div class="space-y-2 text-sm">
              <!-- Artist Link -->
              <!--v-if-->
              <!--v-if-->
              <!--v-if-->
            </div>
          </div>
          <!--v-if-->
        </div><!-- Stats Card -->
        <!--v-if-->
        <!-- Links Card -->
        <div class="rounded-lg bg-default ring ring-default divide-y divide-default">
          <div class="p-4 sm:px-6">
            <div class="font-medium">Listen On</div>
          </div>
          <div class="p-4 sm:p-6">
            <div class="p-1"><a href="https://serp.ly/@daftfm/amazon/music/unlimited" rel="noopener noreferrer" class="rounded-md font-medium inline-flex items-center disabled:cursor-not-allowed aria-disabled:cursor-not-allowed disabled:opacity-75 aria-disabled:opacity-75 transition-colors px-3 py-2 text-sm gap-2 w-full justify-center text-primary focus:outline-none focus-visible:bg-primary/15 disabled:bg-primary/10 aria-disabled:bg-primary/10 bg-blue-50 hover:bg-blue-100 dark:bg-blue-900/20 dark:hover:bg-blue-900/30">
                <!--v-if--> Amazon Music
                <!--v-if-->
              </a></div>
          </div>
          <!--v-if-->
        </div>
      </div>
    </div>
  </div>
</div>"
`;

exports[`SPageAlbumSingle Snapshot > renders with auth enabled and full album data correctly 1`] = `
"<div>
  <header class="bg-background sticky top-0 z-40 border-b border-gray-200 transition-all duration-300 dark:border-gray-800 bg-background sticky top-0 z-10 transition-all duration-300">
    <div class="w-full max-w-(--ui-container) mx-auto px-4 sm:px-6 lg:px-8">
      <div class="flex flex-col items-center justify-between gap-4 py-3 sm:flex-row">
        <div class="flex min-w-0 flex-grow items-center gap-3">
          <!--v-if-->
          <div class="min-w-0 flex-grow">
            <h1 class="truncate text-xl font-bold text-gray-900 transition-all duration-300 sm:text-2xl dark:text-white">Test Album</h1>
            <div class="truncate text-sm text-gray-500 dark:text-gray-400"></div>
          </div>
        </div>
        <div class="flex w-full flex-shrink-0 items-center justify-end gap-3 sm:w-auto">
          <div module="music_albums">
            <div class="relative inline-flex -space-x-px"><button type="button" class="rounded-md font-medium inline-flex items-center disabled:cursor-not-allowed aria-disabled:cursor-not-allowed disabled:opacity-75 aria-disabled:opacity-75 transition-colors not-only:first:rounded-e-none not-only:last:rounded-s-none not-last:not-first:rounded-none focus-visible:z-[1] text-sm gap-1.5 ring ring-inset ring-accented text-default bg-default hover:bg-elevated disabled:bg-default aria-disabled:bg-default focus:outline-none focus-visible:ring-2 focus-visible:ring-inverted p-1.5"><span class="iconify i-lucide:arrow-big-up shrink-0 size-5" aria-hidden="true"></span>
                <!--v-if-->
                <!--v-if-->
              </button><span class="font-medium inline-flex items-center not-only:first:rounded-e-none not-only:last:rounded-s-none not-last:not-first:rounded-none focus-visible:z-[1] text-xs gap-1 rounded-md ring ring-inset ring-accented text-default bg-default p-1 w-8 justify-center"><!--v-if--><span class="truncate">NaN</span>
              <!--v-if--></span><button type="button" class="rounded-md font-medium inline-flex items-center disabled:cursor-not-allowed aria-disabled:cursor-not-allowed disabled:opacity-75 aria-disabled:opacity-75 transition-colors not-only:first:rounded-e-none not-only:last:rounded-s-none not-last:not-first:rounded-none focus-visible:z-[1] text-sm gap-1.5 ring ring-inset ring-accented text-default bg-default hover:bg-elevated disabled:bg-default aria-disabled:bg-default focus:outline-none focus-visible:ring-2 focus-visible:ring-inverted p-1.5"><span class="iconify i-lucide:arrow-big-down shrink-0 size-5" aria-hidden="true"></span>
                <!--v-if-->
                <!--v-if-->
              </button>
            </div>
          </div><a href="https://serp.ly/@daftfm/amazon/music/unlimited" rel="noopener noreferrer" target="_blank" class="rounded-md font-medium inline-flex items-center disabled:cursor-not-allowed aria-disabled:cursor-not-allowed disabled:opacity-75 aria-disabled:opacity-75 transition-colors px-2.5 py-1.5 text-xs gap-1.5 w-full sm:w-auto"><span class="iconify i-heroicons:arrow-top-right-on-square shrink-0 size-4" aria-hidden="true"></span><span class="truncate">Listen Free</span>
            <!--v-if-->
          </a>
        </div>
      </div>
      <nav class="-mx-4 flex overflow-x-auto border-t border-gray-200 px-4 sm:-mx-6 sm:px-6 dark:border-gray-800"><a href="#overview" class="font-medium inline-flex items-center disabled:cursor-not-allowed aria-disabled:cursor-not-allowed disabled:opacity-75 aria-disabled:opacity-75 transition-colors px-2.5 py-1.5 text-xs gap-1.5 flex-shrink-0 rounded-none whitespace-nowrap">
          <!--v-if--><span class="truncate">Overview</span>
          <!--v-if-->
        </a><a href="#songs" class="font-medium inline-flex items-center disabled:cursor-not-allowed aria-disabled:cursor-not-allowed disabled:opacity-75 aria-disabled:opacity-75 transition-colors px-2.5 py-1.5 text-xs gap-1.5 flex-shrink-0 rounded-none whitespace-nowrap">
          <!--v-if--><span class="truncate">Songs</span>
          <!--v-if-->
        </a></nav>
    </div>
  </header><!-- Main content wrapper -->
  <div class="mx-auto max-w-7xl p-4 md:p-6 lg:p-8">
    <!-- Breadcrumbs -->
    <nav aria-label="breadcrumb" class="relative min-w-0 mb-6">
      <ol class="flex items-center gap-1.5"></ol>
    </nav><!-- Grid Layout -->
    <div class="grid gap-6 lg:grid-cols-3">
      <!-- Main Content Column (70%) -->
      <div class="space-y-8 lg:col-span-2">
        <!-- Songs / Tracklist Section -->
        <section id="songs" class="scroll-mt-24" data-adsense-content="album-tracklist">
          <h2 class="mb-4 text-2xl font-semibold">Tracklist</h2>
          <div class="rounded-lg bg-default ring ring-default divide-y divide-default">
            <!--v-if-->
            <div class="p-4 sm:p-6 [object Object]">
              <ol class="space-y-2">
                <li class="flex items-center justify-between gap-2 border-b border-gray-200 pb-2 last:border-b-0 last:pb-0 dark:border-gray-700">
                  <div class="flex min-w-0 items-center gap-3"><span class="w-5 text-right font-mono text-xs text-gray-500 dark:text-gray-400">1.</span>
                    <div class="truncate"><a href="/songs/song-one" class="text-primary-600 dark:text-primary-400 truncate text-sm font-medium hover:underline" title="Song One">Song One</a></div>
                  </div><span class="flex-shrink-0 font-mono text-xs text-gray-500 dark:text-gray-400">--:--</span>
                </li>
                <li class="flex items-center justify-between gap-2 border-b border-gray-200 pb-2 last:border-b-0 last:pb-0 dark:border-gray-700">
                  <div class="flex min-w-0 items-center gap-3"><span class="w-5 text-right font-mono text-xs text-gray-500 dark:text-gray-400">2.</span>
                    <div class="truncate"><span class="truncate text-sm text-gray-800 dark:text-gray-200" title="Song Two">Song Two</span></div>
                  </div><span class="flex-shrink-0 font-mono text-xs text-gray-500 dark:text-gray-400">--:--</span>
                </li>
              </ol>
            </div>
            <!--v-if-->
          </div>
        </section><!-- Overview Section -->
        <section id="overview" class="scroll-mt-24" data-adsense-content="album-overview">
          <h2 class="mb-4 text-2xl font-semibold">Overview</h2>
          <div class="prose dark:prose-invert max-w-none">This is a test album overview.</div>
        </section><!-- Other Albums by Artist Section -->
        <!--v-if-->
      </div><!-- Sidebar Column (30%) -->
      <div class="space-y-6 lg:col-span-1">
        <!-- Album image -->
        <div><img alt="Test Album cover art" data-nuxt-img="" srcset="/_ipx/_/test-cover.jpg 1x, /_ipx/_/test-cover.jpg 2x" class="w-full rounded-md object-cover shadow-md" src="/_ipx/_/test-cover.jpg"></div><!-- Album Info Card -->
        <div class="rounded-lg bg-default ring ring-default divide-y divide-default">
          <div class="p-4 sm:px-6">
            <div class="font-medium">Album Info</div>
          </div>
          <div class="p-4 sm:p-6">
            <div class="space-y-2 text-sm">
              <!-- Artist Link -->
              <!--v-if-->
              <div><span class="font-medium text-gray-700 dark:text-gray-300">Released: </span><span class="text-gray-800 dark:text-gray-200">2020</span></div>
              <!--v-if-->
            </div>
          </div>
          <!--v-if-->
        </div><!-- Stats Card -->
        <div class="rounded-lg bg-default ring ring-default divide-y divide-default">
          <div class="p-4 sm:px-6">
            <div class="font-medium">Stats</div>
          </div>
          <div class="p-4 sm:p-6">
            <div class="space-y-2 text-sm">
              <div><span class="font-medium text-gray-700 dark:text-gray-300">Genres: </span><span class="text-gray-800 dark:text-gray-200">Rock, Pop</span></div>
              <div><span class="font-medium text-gray-700 dark:text-gray-300">Tags: </span><span class="text-gray-800 dark:text-gray-200">Indie, Live</span></div>
            </div>
          </div>
          <!--v-if-->
        </div><!-- Links Card -->
        <div class="rounded-lg bg-default ring ring-default divide-y divide-default">
          <div class="p-4 sm:px-6">
            <div class="font-medium">Listen On</div>
          </div>
          <div class="p-4 sm:p-6">
            <div class="p-1"><a href="https://serp.ly/@daftfm/amazon/music/unlimited" rel="noopener noreferrer" class="rounded-md font-medium inline-flex items-center disabled:cursor-not-allowed aria-disabled:cursor-not-allowed disabled:opacity-75 aria-disabled:opacity-75 transition-colors px-3 py-2 text-sm gap-2 w-full justify-center text-primary focus:outline-none focus-visible:bg-primary/15 disabled:bg-primary/10 aria-disabled:bg-primary/10 bg-blue-50 hover:bg-blue-100 dark:bg-blue-900/20 dark:hover:bg-blue-900/30">
                <!--v-if--> Amazon Music
                <!--v-if-->
              </a></div>
          </div>
          <!--v-if-->
        </div>
      </div>
    </div>
  </div>
</div>"
`;

exports[`SPageAlbumSingle Snapshot > renders with auth enabled and no recordings correctly 1`] = `
"<div>
  <header class="bg-background sticky top-0 z-40 border-b border-gray-200 transition-all duration-300 dark:border-gray-800 bg-background sticky top-0 z-10 transition-all duration-300">
    <div class="w-full max-w-(--ui-container) mx-auto px-4 sm:px-6 lg:px-8">
      <div class="flex flex-col items-center justify-between gap-4 py-3 sm:flex-row">
        <div class="flex min-w-0 flex-grow items-center gap-3">
          <!--v-if-->
          <div class="min-w-0 flex-grow">
            <h1 class="truncate text-xl font-bold text-gray-900 transition-all duration-300 sm:text-2xl dark:text-white">No Songs Album</h1>
            <div class="truncate text-sm text-gray-500 dark:text-gray-400"></div>
          </div>
        </div>
        <div class="flex w-full flex-shrink-0 items-center justify-end gap-3 sm:w-auto">
          <div module="music_albums">
            <div class="relative inline-flex -space-x-px"><button type="button" class="rounded-md font-medium inline-flex items-center disabled:cursor-not-allowed aria-disabled:cursor-not-allowed disabled:opacity-75 aria-disabled:opacity-75 transition-colors not-only:first:rounded-e-none not-only:last:rounded-s-none not-last:not-first:rounded-none focus-visible:z-[1] text-sm gap-1.5 ring ring-inset ring-accented text-default bg-default hover:bg-elevated disabled:bg-default aria-disabled:bg-default focus:outline-none focus-visible:ring-2 focus-visible:ring-inverted p-1.5"><span class="iconify i-lucide:arrow-big-up shrink-0 size-5" aria-hidden="true"></span>
                <!--v-if-->
                <!--v-if-->
              </button><span class="font-medium inline-flex items-center not-only:first:rounded-e-none not-only:last:rounded-s-none not-last:not-first:rounded-none focus-visible:z-[1] text-xs gap-1 rounded-md ring ring-inset ring-accented text-default bg-default p-1 w-8 justify-center"><!--v-if--><span class="truncate">NaN</span>
              <!--v-if--></span><button type="button" class="rounded-md font-medium inline-flex items-center disabled:cursor-not-allowed aria-disabled:cursor-not-allowed disabled:opacity-75 aria-disabled:opacity-75 transition-colors not-only:first:rounded-e-none not-only:last:rounded-s-none not-last:not-first:rounded-none focus-visible:z-[1] text-sm gap-1.5 ring ring-inset ring-accented text-default bg-default hover:bg-elevated disabled:bg-default aria-disabled:bg-default focus:outline-none focus-visible:ring-2 focus-visible:ring-inverted p-1.5"><span class="iconify i-lucide:arrow-big-down shrink-0 size-5" aria-hidden="true"></span>
                <!--v-if-->
                <!--v-if-->
              </button>
            </div>
          </div><a href="https://serp.ly/@daftfm/amazon/music/unlimited" rel="noopener noreferrer" target="_blank" class="rounded-md font-medium inline-flex items-center disabled:cursor-not-allowed aria-disabled:cursor-not-allowed disabled:opacity-75 aria-disabled:opacity-75 transition-colors px-2.5 py-1.5 text-xs gap-1.5 w-full sm:w-auto"><span class="iconify i-heroicons:arrow-top-right-on-square shrink-0 size-4" aria-hidden="true"></span><span class="truncate">Listen Free</span>
            <!--v-if-->
          </a>
        </div>
      </div>
      <nav class="-mx-4 flex overflow-x-auto border-t border-gray-200 px-4 sm:-mx-6 sm:px-6 dark:border-gray-800"><a href="#overview" class="font-medium inline-flex items-center disabled:cursor-not-allowed aria-disabled:cursor-not-allowed disabled:opacity-75 aria-disabled:opacity-75 transition-colors px-2.5 py-1.5 text-xs gap-1.5 flex-shrink-0 rounded-none whitespace-nowrap">
          <!--v-if--><span class="truncate">Overview</span>
          <!--v-if-->
        </a><a href="#songs" class="font-medium inline-flex items-center disabled:cursor-not-allowed aria-disabled:cursor-not-allowed disabled:opacity-75 aria-disabled:opacity-75 transition-colors px-2.5 py-1.5 text-xs gap-1.5 flex-shrink-0 rounded-none whitespace-nowrap">
          <!--v-if--><span class="truncate">Songs</span>
          <!--v-if-->
        </a></nav>
    </div>
  </header><!-- Main content wrapper -->
  <div class="mx-auto max-w-7xl p-4 md:p-6 lg:p-8">
    <!-- Breadcrumbs -->
    <nav aria-label="breadcrumb" class="relative min-w-0 mb-6">
      <ol class="flex items-center gap-1.5"></ol>
    </nav><!-- Grid Layout -->
    <div class="grid gap-6 lg:grid-cols-3">
      <!-- Main Content Column (70%) -->
      <div class="space-y-8 lg:col-span-2">
        <!-- Songs / Tracklist Section -->
        <section id="songs" class="scroll-mt-24" data-adsense-content="album-tracklist">
          <h2 class="mb-4 text-2xl font-semibold">Tracklist</h2>
          <div class="rounded-lg bg-default ring ring-default divide-y divide-default">
            <!--v-if-->
            <div class="p-4 sm:p-6 [object Object]">
              <p class="text-sm text-gray-500 dark:text-gray-400"> No tracklist available. </p>
            </div>
            <!--v-if-->
          </div>
        </section><!-- Overview Section -->
        <section id="overview" class="scroll-mt-24" data-adsense-content="album-overview">
          <h2 class="mb-4 text-2xl font-semibold">Overview</h2>
          <div class="prose dark:prose-invert max-w-none">Overview of album with no songs.</div>
        </section><!-- Other Albums by Artist Section -->
        <!--v-if-->
      </div><!-- Sidebar Column (30%) -->
      <div class="space-y-6 lg:col-span-1">
        <!-- Album image -->
        <div><img alt="No Songs Album cover art" data-nuxt-img="" srcset="/_ipx/_/no-songs-cover.jpg 1x, /_ipx/_/no-songs-cover.jpg 2x" class="w-full rounded-md object-cover shadow-md" src="/_ipx/_/no-songs-cover.jpg"></div><!-- Album Info Card -->
        <div class="rounded-lg bg-default ring ring-default divide-y divide-default">
          <div class="p-4 sm:px-6">
            <div class="font-medium">Album Info</div>
          </div>
          <div class="p-4 sm:p-6">
            <div class="space-y-2 text-sm">
              <!-- Artist Link -->
              <!--v-if-->
              <div><span class="font-medium text-gray-700 dark:text-gray-300">Released: </span><span class="text-gray-800 dark:text-gray-200">2021</span></div>
              <!--v-if-->
            </div>
          </div>
          <!--v-if-->
        </div><!-- Stats Card -->
        <div class="rounded-lg bg-default ring ring-default divide-y divide-default">
          <div class="p-4 sm:px-6">
            <div class="font-medium">Stats</div>
          </div>
          <div class="p-4 sm:p-6">
            <div class="space-y-2 text-sm">
              <div><span class="font-medium text-gray-700 dark:text-gray-300">Genres: </span><span class="text-gray-800 dark:text-gray-200">Jazz</span></div>
              <div><span class="font-medium text-gray-700 dark:text-gray-300">Tags: </span><span class="text-gray-800 dark:text-gray-200">Smooth</span></div>
            </div>
          </div>
          <!--v-if-->
        </div><!-- Links Card -->
        <div class="rounded-lg bg-default ring ring-default divide-y divide-default">
          <div class="p-4 sm:px-6">
            <div class="font-medium">Listen On</div>
          </div>
          <div class="p-4 sm:p-6">
            <div class="p-1"><a href="https://serp.ly/@daftfm/amazon/music/unlimited" rel="noopener noreferrer" class="rounded-md font-medium inline-flex items-center disabled:cursor-not-allowed aria-disabled:cursor-not-allowed disabled:opacity-75 aria-disabled:opacity-75 transition-colors px-3 py-2 text-sm gap-2 w-full justify-center text-primary focus:outline-none focus-visible:bg-primary/15 disabled:bg-primary/10 aria-disabled:bg-primary/10 bg-blue-50 hover:bg-blue-100 dark:bg-blue-900/20 dark:hover:bg-blue-900/30">
                <!--v-if--> Amazon Music
                <!--v-if-->
              </a></div>
          </div>
          <!--v-if-->
        </div>
      </div>
    </div>
  </div>
</div>"
`;
