// Vitest Snapshot v1, https://vitest.dev/guide/snapshot.html

exports[`SPageLogout Snapshot > handles when user is logged in correctly 1`] = `
"<div><button type="button" class="rounded-md font-medium inline-flex items-center disabled:cursor-not-allowed aria-disabled:cursor-not-allowed disabled:opacity-75 aria-disabled:opacity-75 transition-colors px-2.5 py-1.5 text-sm gap-1.5 text-inverted bg-primary hover:bg-primary/75 disabled:bg-primary aria-disabled:bg-primary focus-visible:outline-2 focus-visible:outline-offset-2 focus-visible:outline-primary">
    <!--v-if--> Sign Out
    <!--v-if-->
  </button></div>"
`;

exports[`SPageLogout Snapshot > handles when user is not logged in correctly 1`] = `
"<div><button type="button" class="rounded-md font-medium inline-flex items-center disabled:cursor-not-allowed aria-disabled:cursor-not-allowed disabled:opacity-75 aria-disabled:opacity-75 transition-colors px-2.5 py-1.5 text-sm gap-1.5 text-inverted bg-primary hover:bg-primary/75 disabled:bg-primary aria-disabled:bg-primary focus-visible:outline-2 focus-visible:outline-offset-2 focus-visible:outline-primary">
    <!--v-if--> Sign Out
    <!--v-if-->
  </button></div>"
`;
