// Vitest Snapshot v1, https://vitest.dev/guide/snapshot.html

exports[`AlbumsLinkHub Snapshot > renders with multiple albums and multiple artists correctly 1`] = `
"<div class="mt-2 grid grid-cols-1 gap-2 md:grid-cols-2 xl:grid-cols-2">
  <div><a href="/albums/album-1/" aria-label="album name"><span>Album One - </span></a></div>
  <div><a href="/albums/album-2/" aria-label="album name"><span>Album Two - </span></a></div>
</div>"
`;

exports[`AlbumsLinkHub Snapshot > renders with no albums correctly 1`] = `"<div class="mt-2 grid grid-cols-1 gap-2 md:grid-cols-2 xl:grid-cols-2"></div>"`;

exports[`AlbumsLinkHub Snapshot > renders with one album and one artist correctly 1`] = `
"<div class="mt-2 grid grid-cols-1 gap-2 md:grid-cols-2 xl:grid-cols-2">
  <div><a href="/albums/album-1/" aria-label="album name"><span>Album One - </span></a></div>
</div>"
`;
