// Vitest Snapshot v1, https://vitest.dev/guide/snapshot.html

exports[`ColorModeButton Snapshot > renders correctly in dark mode 1`] = `
"<button type="button" aria-label="Toggle color mode" class="rounded-md font-medium inline-flex items-center disabled:cursor-not-allowed aria-disabled:cursor-not-allowed disabled:opacity-75 aria-disabled:opacity-75 transition-colors text-sm gap-1.5 text-default hover:bg-elevated focus:outline-none focus-visible:bg-elevated hover:disabled:bg-transparent dark:hover:disabled:bg-transparent hover:aria-disabled:bg-transparent dark:hover:aria-disabled:bg-transparent p-1.5"><span class="iconify i-lucide:sun shrink-0 size-5" aria-hidden="true"></span>
  <!--v-if-->
  <!--v-if-->
</button>"
`;

exports[`ColorModeButton Snapshot > renders correctly in light mode 1`] = `
"<button type="button" aria-label="Toggle color mode" class="rounded-md font-medium inline-flex items-center disabled:cursor-not-allowed aria-disabled:cursor-not-allowed disabled:opacity-75 aria-disabled:opacity-75 transition-colors text-sm gap-1.5 text-default hover:bg-elevated focus:outline-none focus-visible:bg-elevated hover:disabled:bg-transparent dark:hover:disabled:bg-transparent hover:aria-disabled:bg-transparent dark:hover:aria-disabled:bg-transparent p-1.5"><span class="iconify i-lucide:sun shrink-0 size-5" aria-hidden="true"></span>
  <!--v-if-->
  <!--v-if-->
</button>"
`;
