// Vitest Snapshot v1, https://vitest.dev/guide/snapshot.html

exports[`SPagination > renders with custom pagination values correctly 1`] = `
"<nav class="mt-20 flex justify-center overflow-x-auto rounded-none" aria-label="pagination">
  <div class="flex items-center gap-1"><button type="button" disabled="" aria-label="First Page" class="rounded-md font-medium inline-flex items-center disabled:cursor-not-allowed aria-disabled:cursor-not-allowed disabled:opacity-75 aria-disabled:opacity-75 transition-colors text-sm gap-1.5 ring ring-inset ring-accented text-default bg-default hover:bg-elevated disabled:bg-default aria-disabled:bg-default focus:outline-none focus-visible:ring-2 focus-visible:ring-inverted p-1.5"><span class="iconify i-lucide:chevrons-left shrink-0 size-5" aria-hidden="true"></span>
      <!--v-if-->
      <!--v-if-->
    </button><button type="button" disabled="" aria-label="Previous Page" class="rounded-md font-medium inline-flex items-center disabled:cursor-not-allowed aria-disabled:cursor-not-allowed disabled:opacity-75 aria-disabled:opacity-75 transition-colors text-sm gap-1.5 ring ring-inset ring-accented text-default bg-default hover:bg-elevated disabled:bg-default aria-disabled:bg-default focus:outline-none focus-visible:ring-2 focus-visible:ring-inverted p-1.5"><span class="iconify i-lucide:chevron-left shrink-0 size-5" aria-hidden="true"></span>
      <!--v-if-->
      <!--v-if-->
    </button><button type="button" data-type="page" aria-label="Page 1" aria-current="page" data-selected="true" class="rounded-md font-medium inline-flex items-center disabled:cursor-not-allowed aria-disabled:cursor-not-allowed disabled:opacity-75 aria-disabled:opacity-75 transition-colors text-sm gap-1.5 text-inverted bg-primary hover:bg-primary/75 disabled:bg-primary aria-disabled:bg-primary focus-visible:outline-2 focus-visible:outline-offset-2 focus-visible:outline-primary p-1.5" value="1">
      <!--v-if--><span class="truncate min-w-5 text-center">1</span>
      <!--v-if-->
    </button><button type="button" data-type="page" aria-label="Page 2" class="rounded-md font-medium inline-flex items-center disabled:cursor-not-allowed aria-disabled:cursor-not-allowed disabled:opacity-75 aria-disabled:opacity-75 transition-colors text-sm gap-1.5 ring ring-inset ring-accented text-default bg-default hover:bg-elevated disabled:bg-default aria-disabled:bg-default focus:outline-none focus-visible:ring-2 focus-visible:ring-inverted p-1.5" value="2">
      <!--v-if--><span class="truncate min-w-5 text-center">2</span>
      <!--v-if-->
    </button><button type="button" data-type="page" aria-label="Page 3" class="rounded-md font-medium inline-flex items-center disabled:cursor-not-allowed aria-disabled:cursor-not-allowed disabled:opacity-75 aria-disabled:opacity-75 transition-colors text-sm gap-1.5 ring ring-inset ring-accented text-default bg-default hover:bg-elevated disabled:bg-default aria-disabled:bg-default focus:outline-none focus-visible:ring-2 focus-visible:ring-inverted p-1.5" value="3">
      <!--v-if--><span class="truncate min-w-5 text-center">3</span>
      <!--v-if-->
    </button><button type="button" data-type="page" aria-label="Page 4" class="rounded-md font-medium inline-flex items-center disabled:cursor-not-allowed aria-disabled:cursor-not-allowed disabled:opacity-75 aria-disabled:opacity-75 transition-colors text-sm gap-1.5 ring ring-inset ring-accented text-default bg-default hover:bg-elevated disabled:bg-default aria-disabled:bg-default focus:outline-none focus-visible:ring-2 focus-visible:ring-inverted p-1.5" value="4">
      <!--v-if--><span class="truncate min-w-5 text-center">4</span>
      <!--v-if-->
    </button><button type="button" data-type="page" aria-label="Page 5" class="rounded-md font-medium inline-flex items-center disabled:cursor-not-allowed aria-disabled:cursor-not-allowed disabled:opacity-75 aria-disabled:opacity-75 transition-colors text-sm gap-1.5 ring ring-inset ring-accented text-default bg-default hover:bg-elevated disabled:bg-default aria-disabled:bg-default focus:outline-none focus-visible:ring-2 focus-visible:ring-inverted p-1.5" value="5">
      <!--v-if--><span class="truncate min-w-5 text-center">5</span>
      <!--v-if-->
    </button><button type="button" aria-label="Next Page" class="rounded-md font-medium inline-flex items-center disabled:cursor-not-allowed aria-disabled:cursor-not-allowed disabled:opacity-75 aria-disabled:opacity-75 transition-colors text-sm gap-1.5 ring ring-inset ring-accented text-default bg-default hover:bg-elevated disabled:bg-default aria-disabled:bg-default focus:outline-none focus-visible:ring-2 focus-visible:ring-inverted p-1.5"><span class="iconify i-lucide:chevron-right shrink-0 size-5" aria-hidden="true"></span>
      <!--v-if-->
      <!--v-if-->
    </button><button type="button" aria-label="Last Page" class="rounded-md font-medium inline-flex items-center disabled:cursor-not-allowed aria-disabled:cursor-not-allowed disabled:opacity-75 aria-disabled:opacity-75 transition-colors text-sm gap-1.5 ring ring-inset ring-accented text-default bg-default hover:bg-elevated disabled:bg-default aria-disabled:bg-default focus:outline-none focus-visible:ring-2 focus-visible:ring-inverted p-1.5"><span class="iconify i-lucide:chevrons-right shrink-0 size-5" aria-hidden="true"></span>
      <!--v-if-->
      <!--v-if-->
    </button></div>
</nav>"
`;

exports[`SPagination > renders with default props correctly 1`] = `
"<nav class="mt-20 flex justify-center overflow-x-auto rounded-none" aria-label="pagination">
  <div class="flex items-center gap-1"><button type="button" disabled="" aria-label="First Page" class="rounded-md font-medium inline-flex items-center disabled:cursor-not-allowed aria-disabled:cursor-not-allowed disabled:opacity-75 aria-disabled:opacity-75 transition-colors text-sm gap-1.5 ring ring-inset ring-accented text-default bg-default hover:bg-elevated disabled:bg-default aria-disabled:bg-default focus:outline-none focus-visible:ring-2 focus-visible:ring-inverted p-1.5"><span class="iconify i-lucide:chevrons-left shrink-0 size-5" aria-hidden="true"></span>
      <!--v-if-->
      <!--v-if-->
    </button><button type="button" disabled="" aria-label="Previous Page" class="rounded-md font-medium inline-flex items-center disabled:cursor-not-allowed aria-disabled:cursor-not-allowed disabled:opacity-75 aria-disabled:opacity-75 transition-colors text-sm gap-1.5 ring ring-inset ring-accented text-default bg-default hover:bg-elevated disabled:bg-default aria-disabled:bg-default focus:outline-none focus-visible:ring-2 focus-visible:ring-inverted p-1.5"><span class="iconify i-lucide:chevron-left shrink-0 size-5" aria-hidden="true"></span>
      <!--v-if-->
      <!--v-if-->
    </button><button type="button" data-type="page" aria-label="Page 1" aria-current="page" data-selected="true" class="rounded-md font-medium inline-flex items-center disabled:cursor-not-allowed aria-disabled:cursor-not-allowed disabled:opacity-75 aria-disabled:opacity-75 transition-colors text-sm gap-1.5 text-inverted bg-primary hover:bg-primary/75 disabled:bg-primary aria-disabled:bg-primary focus-visible:outline-2 focus-visible:outline-offset-2 focus-visible:outline-primary p-1.5" value="1">
      <!--v-if--><span class="truncate min-w-5 text-center">1</span>
      <!--v-if-->
    </button><button type="button" disabled="" aria-label="Next Page" class="rounded-md font-medium inline-flex items-center disabled:cursor-not-allowed aria-disabled:cursor-not-allowed disabled:opacity-75 aria-disabled:opacity-75 transition-colors text-sm gap-1.5 ring ring-inset ring-accented text-default bg-default hover:bg-elevated disabled:bg-default aria-disabled:bg-default focus:outline-none focus-visible:ring-2 focus-visible:ring-inverted p-1.5"><span class="iconify i-lucide:chevron-right shrink-0 size-5" aria-hidden="true"></span>
      <!--v-if-->
      <!--v-if-->
    </button><button type="button" disabled="" aria-label="Last Page" class="rounded-md font-medium inline-flex items-center disabled:cursor-not-allowed aria-disabled:cursor-not-allowed disabled:opacity-75 aria-disabled:opacity-75 transition-colors text-sm gap-1.5 ring ring-inset ring-accented text-default bg-default hover:bg-elevated disabled:bg-default aria-disabled:bg-default focus:outline-none focus-visible:ring-2 focus-visible:ring-inverted p-1.5"><span class="iconify i-lucide:chevrons-right shrink-0 size-5" aria-hidden="true"></span>
      <!--v-if-->
      <!--v-if-->
    </button></div>
</nav>"
`;
