// Vitest Snapshot v1, https://vitest.dev/guide/snapshot.html

exports[`UpvoteButton > renders with no upvotes correctly 1`] = `
"<div class="flex w-full items-center sm:w-auto"><button type="button" class="rounded-md font-medium inline-flex items-center disabled:cursor-not-allowed aria-disabled:cursor-not-allowed disabled:opacity-75 aria-disabled:opacity-75 transition-colors px-2.5 py-1.5 text-sm gap-1.5 ring ring-inset ring-primary/50 text-primary hover:bg-primary/10 disabled:bg-transparent aria-disabled:bg-transparent dark:disabled:bg-transparent dark:aria-disabled:bg-transparent focus:outline-none focus-visible:ring-2 focus-visible:ring-primary">
    <!--v-if--><span class="flex items-center text-xl"><span class="iconify i-lucide:square-chevron-up mr-2 size-5" aria-hidden="true"></span><span class="text-lg">0</span></span>
    <!--v-if-->
  </button></div>"
`;

exports[`UpvoteButton > renders with upvotes containing user email correctly 1`] = `
"<div class="flex w-full items-center sm:w-auto"><button type="button" class="rounded-md font-medium inline-flex items-center disabled:cursor-not-allowed aria-disabled:cursor-not-allowed disabled:opacity-75 aria-disabled:opacity-75 transition-colors px-2.5 py-1.5 text-sm gap-1.5 ring ring-inset ring-primary/50 text-primary hover:bg-primary/10 disabled:bg-transparent aria-disabled:bg-transparent dark:disabled:bg-transparent dark:aria-disabled:bg-transparent focus:outline-none focus-visible:ring-2 focus-visible:ring-primary">
    <!--v-if--><span class="flex items-center text-xl"><span class="iconify i-lucide:square-chevron-up mr-2 size-5" aria-hidden="true"></span><span class="text-lg">1</span></span>
    <!--v-if-->
  </button></div>"
`;

exports[`UpvoteButton > renders with upvotes not containing user email correctly 1`] = `
"<div class="flex w-full items-center sm:w-auto"><button type="button" class="rounded-md font-medium inline-flex items-center disabled:cursor-not-allowed aria-disabled:cursor-not-allowed disabled:opacity-75 aria-disabled:opacity-75 transition-colors px-2.5 py-1.5 text-sm gap-1.5 ring ring-inset ring-primary/50 text-primary hover:bg-primary/10 disabled:bg-transparent aria-disabled:bg-transparent dark:disabled:bg-transparent dark:aria-disabled:bg-transparent focus:outline-none focus-visible:ring-2 focus-visible:ring-primary">
    <!--v-if--><span class="flex items-center text-xl"><span class="iconify i-lucide:square-chevron-up mr-2 size-5" aria-hidden="true"></span><span class="text-lg">1</span></span>
    <!--v-if-->
  </button></div>"
`;
