// Vitest Snapshot v1, https://vitest.dev/guide/snapshot.html

exports[`SPagePostCategoryCollection Snapshot > renders with no posts (with auth) correctly 1`] = `
"<div>
  <div>
    <div class="py-20">
      <div class="mx-auto max-w-5xl px-4 sm:px-6 lg:px-8">
        <div class="items-center">
          <div class="flex flex-col items-center text-center lg:items-start lg:text-left">
            <h1 class="my-4 text-2xl font-bold text-pretty lg:text-5xl">
              Category: undefined</h1>
            <!--v-if-->
            <div class="flex w-full flex-col justify-center gap-2 sm:flex-row lg:justify-start">
              <!--v-if-->
              <!--v-if-->
            </div>
          </div>
        </div>
      </div>
    </div>
  </div>
  <main class="pb-20">
    <!-- rows: posts -->
    <div class="space-y-4"></div>
    <nav class="mt-20 flex justify-center overflow-x-auto" aria-label="pagination">
      <div class="flex items-center gap-1"><button type="button" disabled="" aria-label="First Page" class="rounded-md font-medium inline-flex items-center disabled:cursor-not-allowed aria-disabled:cursor-not-allowed disabled:opacity-75 aria-disabled:opacity-75 transition-colors text-sm gap-1.5 ring ring-inset ring-accented text-default bg-default hover:bg-elevated disabled:bg-default aria-disabled:bg-default focus:outline-none focus-visible:ring-2 focus-visible:ring-inverted p-1.5"><span class="iconify i-lucide:chevrons-left shrink-0 size-5" aria-hidden="true"></span>
          <!--v-if-->
          <!--v-if-->
        </button><button type="button" disabled="" aria-label="Previous Page" class="rounded-md font-medium inline-flex items-center disabled:cursor-not-allowed aria-disabled:cursor-not-allowed disabled:opacity-75 aria-disabled:opacity-75 transition-colors text-sm gap-1.5 ring ring-inset ring-accented text-default bg-default hover:bg-elevated disabled:bg-default aria-disabled:bg-default focus:outline-none focus-visible:ring-2 focus-visible:ring-inverted p-1.5"><span class="iconify i-lucide:chevron-left shrink-0 size-5" aria-hidden="true"></span>
          <!--v-if-->
          <!--v-if-->
        </button><button type="button" data-type="page" aria-label="Page 1" aria-current="page" data-selected="true" class="rounded-md font-medium inline-flex items-center disabled:cursor-not-allowed aria-disabled:cursor-not-allowed disabled:opacity-75 aria-disabled:opacity-75 transition-colors text-sm gap-1.5 text-inverted bg-primary hover:bg-primary/75 disabled:bg-primary aria-disabled:bg-primary focus-visible:outline-2 focus-visible:outline-offset-2 focus-visible:outline-primary p-1.5" value="1">
          <!--v-if--><span class="truncate min-w-5 text-center">1</span>
          <!--v-if-->
        </button><button type="button" disabled="" aria-label="Next Page" class="rounded-md font-medium inline-flex items-center disabled:cursor-not-allowed aria-disabled:cursor-not-allowed disabled:opacity-75 aria-disabled:opacity-75 transition-colors text-sm gap-1.5 ring ring-inset ring-accented text-default bg-default hover:bg-elevated disabled:bg-default aria-disabled:bg-default focus:outline-none focus-visible:ring-2 focus-visible:ring-inverted p-1.5"><span class="iconify i-lucide:chevron-right shrink-0 size-5" aria-hidden="true"></span>
          <!--v-if-->
          <!--v-if-->
        </button><button type="button" disabled="" aria-label="Last Page" class="rounded-md font-medium inline-flex items-center disabled:cursor-not-allowed aria-disabled:cursor-not-allowed disabled:opacity-75 aria-disabled:opacity-75 transition-colors text-sm gap-1.5 ring ring-inset ring-accented text-default bg-default hover:bg-elevated disabled:bg-default aria-disabled:bg-default focus:outline-none focus-visible:ring-2 focus-visible:ring-inverted p-1.5"><span class="iconify i-lucide:chevrons-right shrink-0 size-5" aria-hidden="true"></span>
          <!--v-if-->
          <!--v-if-->
        </button></div>
    </nav>
    <section class="my-30 mt-20">
      <div class="mx-auto">
        <div class="pt-12">
          <div><span class="inline-block py-4 text-3xl font-bold">Categories</span></div>
        </div>
        <div class="mt-5 grid grid-cols-1 gap-4 sm:grid-cols-2 md:grid-cols-3 lg:grid-cols-4">
          <div class="border-t"><a href="/posts/category/tech/" class="mt-3 flex font-medium">Tech</a></div>
          <div class="border-t"><a href="/posts/category/lifestyle/" class="mt-3 flex font-medium">Lifestyle</a></div>
        </div>
      </div>
    </section>
  </main>
</div>"
`;

exports[`SPagePostCategoryCollection Snapshot > renders with no posts (without auth) correctly 1`] = `
"<div>
  <div>
    <div class="py-20">
      <div class="mx-auto max-w-5xl px-4 sm:px-6 lg:px-8">
        <div class="items-center">
          <div class="flex flex-col items-center text-center lg:items-start lg:text-left">
            <h1 class="my-4 text-2xl font-bold text-pretty lg:text-5xl">
              Category: undefined</h1>
            <!--v-if-->
            <div class="flex w-full flex-col justify-center gap-2 sm:flex-row lg:justify-start">
              <!--v-if-->
              <!--v-if-->
            </div>
          </div>
        </div>
      </div>
    </div>
  </div>
  <main class="pb-20">
    <!-- rows: posts -->
    <div class="space-y-4"></div>
    <nav class="mt-20 flex justify-center overflow-x-auto" aria-label="pagination">
      <div class="flex items-center gap-1"><button type="button" disabled="" aria-label="First Page" class="rounded-md font-medium inline-flex items-center disabled:cursor-not-allowed aria-disabled:cursor-not-allowed disabled:opacity-75 aria-disabled:opacity-75 transition-colors text-sm gap-1.5 ring ring-inset ring-accented text-default bg-default hover:bg-elevated disabled:bg-default aria-disabled:bg-default focus:outline-none focus-visible:ring-2 focus-visible:ring-inverted p-1.5"><span class="iconify i-lucide:chevrons-left shrink-0 size-5" aria-hidden="true"></span>
          <!--v-if-->
          <!--v-if-->
        </button><button type="button" disabled="" aria-label="Previous Page" class="rounded-md font-medium inline-flex items-center disabled:cursor-not-allowed aria-disabled:cursor-not-allowed disabled:opacity-75 aria-disabled:opacity-75 transition-colors text-sm gap-1.5 ring ring-inset ring-accented text-default bg-default hover:bg-elevated disabled:bg-default aria-disabled:bg-default focus:outline-none focus-visible:ring-2 focus-visible:ring-inverted p-1.5"><span class="iconify i-lucide:chevron-left shrink-0 size-5" aria-hidden="true"></span>
          <!--v-if-->
          <!--v-if-->
        </button><button type="button" data-type="page" aria-label="Page 1" aria-current="page" data-selected="true" class="rounded-md font-medium inline-flex items-center disabled:cursor-not-allowed aria-disabled:cursor-not-allowed disabled:opacity-75 aria-disabled:opacity-75 transition-colors text-sm gap-1.5 text-inverted bg-primary hover:bg-primary/75 disabled:bg-primary aria-disabled:bg-primary focus-visible:outline-2 focus-visible:outline-offset-2 focus-visible:outline-primary p-1.5" value="1">
          <!--v-if--><span class="truncate min-w-5 text-center">1</span>
          <!--v-if-->
        </button><button type="button" disabled="" aria-label="Next Page" class="rounded-md font-medium inline-flex items-center disabled:cursor-not-allowed aria-disabled:cursor-not-allowed disabled:opacity-75 aria-disabled:opacity-75 transition-colors text-sm gap-1.5 ring ring-inset ring-accented text-default bg-default hover:bg-elevated disabled:bg-default aria-disabled:bg-default focus:outline-none focus-visible:ring-2 focus-visible:ring-inverted p-1.5"><span class="iconify i-lucide:chevron-right shrink-0 size-5" aria-hidden="true"></span>
          <!--v-if-->
          <!--v-if-->
        </button><button type="button" disabled="" aria-label="Last Page" class="rounded-md font-medium inline-flex items-center disabled:cursor-not-allowed aria-disabled:cursor-not-allowed disabled:opacity-75 aria-disabled:opacity-75 transition-colors text-sm gap-1.5 ring ring-inset ring-accented text-default bg-default hover:bg-elevated disabled:bg-default aria-disabled:bg-default focus:outline-none focus-visible:ring-2 focus-visible:ring-inverted p-1.5"><span class="iconify i-lucide:chevrons-right shrink-0 size-5" aria-hidden="true"></span>
          <!--v-if-->
          <!--v-if-->
        </button></div>
    </nav>
    <section class="my-30 mt-20">
      <div class="mx-auto">
        <div class="pt-12">
          <div><span class="inline-block py-4 text-3xl font-bold">Categories</span></div>
        </div>
        <div class="mt-5 grid grid-cols-1 gap-4 sm:grid-cols-2 md:grid-cols-3 lg:grid-cols-4">
          <div class="border-t"><a href="/posts/category/tech/" class="mt-3 flex font-medium">Tech</a></div>
          <div class="border-t"><a href="/posts/category/lifestyle/" class="mt-3 flex font-medium">Lifestyle</a></div>
        </div>
      </div>
    </section>
  </main>
</div>"
`;

exports[`SPagePostCategoryCollection Snapshot > renders with posts and categories (with auth) correctly 1`] = `
"<div>
  <div>
    <div class="py-20">
      <div class="mx-auto max-w-5xl px-4 sm:px-6 lg:px-8">
        <div class="items-center">
          <div class="flex flex-col items-center text-center lg:items-start lg:text-left">
            <h1 class="my-4 text-2xl font-bold text-pretty lg:text-5xl">
              Category: undefined</h1>
            <!--v-if-->
            <div class="flex w-full flex-col justify-center gap-2 sm:flex-row lg:justify-start">
              <!--v-if-->
              <!--v-if-->
            </div>
          </div>
        </div>
      </div>
    </div>
  </div>
  <main class="pb-20">
    <!-- rows: posts -->
    <div class="space-y-4">
      <article class="py-16 grid grid-cols-1 gap-6 lg:grid-cols-12">
        <div class="lg:col-span-8"><a href="/posts/post-one/">
            <!--v-if-->
            <!-- Title -->
            <h2 class="mb-4 text-4xl font-extrabold hover:underline">Post One</h2>
          </a>
          <p class="mb-4 text-xl"><span></span></p>
          <!--v-if-->
          <div class="flex flex-wrap gap-2 mt-4"><a href="/posts/category/tech/" class="rounded-full border border-blue-300 bg-blue-50 px-3 py-1 text-sm font-medium text-blue-600 hover:bg-blue-100 dark:border-blue-700 dark:bg-blue-900/30 dark:text-blue-300 dark:hover:bg-blue-800/50">Tech</a></div>
        </div>
        <div class="lg:col-span-3 lg:col-start-8">
          <!-- Right column (30%) -->
        </div>
      </article>
      <article class="py-16 grid grid-cols-1 gap-6 lg:grid-cols-12">
        <div class="lg:col-span-8"><a href="/posts/post-two/">
            <!--v-if-->
            <!-- Title -->
            <h2 class="mb-4 text-4xl font-extrabold hover:underline">Post Two</h2>
          </a>
          <p class="mb-4 text-xl"><span>Test excerpt</span></p>
          <!--v-if-->
          <div class="flex flex-wrap gap-2 mt-4"><a href="/posts/category/tech/" class="rounded-full border border-blue-300 bg-blue-50 px-3 py-1 text-sm font-medium text-blue-600 hover:bg-blue-100 dark:border-blue-700 dark:bg-blue-900/30 dark:text-blue-300 dark:hover:bg-blue-800/50">Tech</a></div>
        </div>
        <div class="lg:col-span-3 lg:col-start-8">
          <!-- Right column (30%) -->
        </div>
      </article>
    </div>
    <nav class="mt-20 flex justify-center overflow-x-auto" aria-label="pagination">
      <div class="flex items-center gap-1"><button type="button" disabled="" aria-label="First Page" class="rounded-md font-medium inline-flex items-center disabled:cursor-not-allowed aria-disabled:cursor-not-allowed disabled:opacity-75 aria-disabled:opacity-75 transition-colors text-sm gap-1.5 ring ring-inset ring-accented text-default bg-default hover:bg-elevated disabled:bg-default aria-disabled:bg-default focus:outline-none focus-visible:ring-2 focus-visible:ring-inverted p-1.5"><span class="iconify i-lucide:chevrons-left shrink-0 size-5" aria-hidden="true"></span>
          <!--v-if-->
          <!--v-if-->
        </button><button type="button" disabled="" aria-label="Previous Page" class="rounded-md font-medium inline-flex items-center disabled:cursor-not-allowed aria-disabled:cursor-not-allowed disabled:opacity-75 aria-disabled:opacity-75 transition-colors text-sm gap-1.5 ring ring-inset ring-accented text-default bg-default hover:bg-elevated disabled:bg-default aria-disabled:bg-default focus:outline-none focus-visible:ring-2 focus-visible:ring-inverted p-1.5"><span class="iconify i-lucide:chevron-left shrink-0 size-5" aria-hidden="true"></span>
          <!--v-if-->
          <!--v-if-->
        </button><button type="button" data-type="page" aria-label="Page 1" aria-current="page" data-selected="true" class="rounded-md font-medium inline-flex items-center disabled:cursor-not-allowed aria-disabled:cursor-not-allowed disabled:opacity-75 aria-disabled:opacity-75 transition-colors text-sm gap-1.5 text-inverted bg-primary hover:bg-primary/75 disabled:bg-primary aria-disabled:bg-primary focus-visible:outline-2 focus-visible:outline-offset-2 focus-visible:outline-primary p-1.5" value="1">
          <!--v-if--><span class="truncate min-w-5 text-center">1</span>
          <!--v-if-->
        </button><button type="button" data-type="page" aria-label="Page 2" class="rounded-md font-medium inline-flex items-center disabled:cursor-not-allowed aria-disabled:cursor-not-allowed disabled:opacity-75 aria-disabled:opacity-75 transition-colors text-sm gap-1.5 ring ring-inset ring-accented text-default bg-default hover:bg-elevated disabled:bg-default aria-disabled:bg-default focus:outline-none focus-visible:ring-2 focus-visible:ring-inverted p-1.5" value="2">
          <!--v-if--><span class="truncate min-w-5 text-center">2</span>
          <!--v-if-->
        </button><button type="button" aria-label="Next Page" class="rounded-md font-medium inline-flex items-center disabled:cursor-not-allowed aria-disabled:cursor-not-allowed disabled:opacity-75 aria-disabled:opacity-75 transition-colors text-sm gap-1.5 ring ring-inset ring-accented text-default bg-default hover:bg-elevated disabled:bg-default aria-disabled:bg-default focus:outline-none focus-visible:ring-2 focus-visible:ring-inverted p-1.5"><span class="iconify i-lucide:chevron-right shrink-0 size-5" aria-hidden="true"></span>
          <!--v-if-->
          <!--v-if-->
        </button><button type="button" aria-label="Last Page" class="rounded-md font-medium inline-flex items-center disabled:cursor-not-allowed aria-disabled:cursor-not-allowed disabled:opacity-75 aria-disabled:opacity-75 transition-colors text-sm gap-1.5 ring ring-inset ring-accented text-default bg-default hover:bg-elevated disabled:bg-default aria-disabled:bg-default focus:outline-none focus-visible:ring-2 focus-visible:ring-inverted p-1.5"><span class="iconify i-lucide:chevrons-right shrink-0 size-5" aria-hidden="true"></span>
          <!--v-if-->
          <!--v-if-->
        </button></div>
    </nav>
    <section class="my-30 mt-20">
      <div class="mx-auto">
        <div class="pt-12">
          <div><span class="inline-block py-4 text-3xl font-bold">Categories</span></div>
        </div>
        <div class="mt-5 grid grid-cols-1 gap-4 sm:grid-cols-2 md:grid-cols-3 lg:grid-cols-4">
          <div class="border-t"><a href="/posts/category/tech/" class="mt-3 flex font-medium">Tech</a></div>
          <div class="border-t"><a href="/posts/category/lifestyle/" class="mt-3 flex font-medium">Lifestyle</a></div>
        </div>
      </div>
    </section>
  </main>
</div>"
`;

exports[`SPagePostCategoryCollection Snapshot > renders with posts and categories (without auth) correctly 1`] = `
"<div>
  <div>
    <div class="py-20">
      <div class="mx-auto max-w-5xl px-4 sm:px-6 lg:px-8">
        <div class="items-center">
          <div class="flex flex-col items-center text-center lg:items-start lg:text-left">
            <h1 class="my-4 text-2xl font-bold text-pretty lg:text-5xl">
              Category: undefined</h1>
            <!--v-if-->
            <div class="flex w-full flex-col justify-center gap-2 sm:flex-row lg:justify-start">
              <!--v-if-->
              <!--v-if-->
            </div>
          </div>
        </div>
      </div>
    </div>
  </div>
  <main class="pb-20">
    <!-- rows: posts -->
    <div class="space-y-4">
      <article class="py-16 grid grid-cols-1 gap-6 lg:grid-cols-12">
        <div class="lg:col-span-8"><a href="/posts/post-one/">
            <!--v-if-->
            <!-- Title -->
            <h2 class="mb-4 text-4xl font-extrabold hover:underline">Post One</h2>
          </a>
          <p class="mb-4 text-xl"><span></span></p>
          <!--v-if-->
          <div class="flex flex-wrap gap-2 mt-4"><a href="/posts/category/tech/" class="rounded-full border border-blue-300 bg-blue-50 px-3 py-1 text-sm font-medium text-blue-600 hover:bg-blue-100 dark:border-blue-700 dark:bg-blue-900/30 dark:text-blue-300 dark:hover:bg-blue-800/50">Tech</a></div>
        </div>
        <div class="lg:col-span-3 lg:col-start-8">
          <!-- Right column (30%) -->
        </div>
      </article>
      <article class="py-16 grid grid-cols-1 gap-6 lg:grid-cols-12">
        <div class="lg:col-span-8"><a href="/posts/post-two/">
            <!--v-if-->
            <!-- Title -->
            <h2 class="mb-4 text-4xl font-extrabold hover:underline">Post Two</h2>
          </a>
          <p class="mb-4 text-xl"><span>Test excerpt</span></p>
          <!--v-if-->
          <div class="flex flex-wrap gap-2 mt-4"><a href="/posts/category/tech/" class="rounded-full border border-blue-300 bg-blue-50 px-3 py-1 text-sm font-medium text-blue-600 hover:bg-blue-100 dark:border-blue-700 dark:bg-blue-900/30 dark:text-blue-300 dark:hover:bg-blue-800/50">Tech</a></div>
        </div>
        <div class="lg:col-span-3 lg:col-start-8">
          <!-- Right column (30%) -->
        </div>
      </article>
    </div>
    <nav class="mt-20 flex justify-center overflow-x-auto" aria-label="pagination">
      <div class="flex items-center gap-1"><button type="button" disabled="" aria-label="First Page" class="rounded-md font-medium inline-flex items-center disabled:cursor-not-allowed aria-disabled:cursor-not-allowed disabled:opacity-75 aria-disabled:opacity-75 transition-colors text-sm gap-1.5 ring ring-inset ring-accented text-default bg-default hover:bg-elevated disabled:bg-default aria-disabled:bg-default focus:outline-none focus-visible:ring-2 focus-visible:ring-inverted p-1.5"><span class="iconify i-lucide:chevrons-left shrink-0 size-5" aria-hidden="true"></span>
          <!--v-if-->
          <!--v-if-->
        </button><button type="button" disabled="" aria-label="Previous Page" class="rounded-md font-medium inline-flex items-center disabled:cursor-not-allowed aria-disabled:cursor-not-allowed disabled:opacity-75 aria-disabled:opacity-75 transition-colors text-sm gap-1.5 ring ring-inset ring-accented text-default bg-default hover:bg-elevated disabled:bg-default aria-disabled:bg-default focus:outline-none focus-visible:ring-2 focus-visible:ring-inverted p-1.5"><span class="iconify i-lucide:chevron-left shrink-0 size-5" aria-hidden="true"></span>
          <!--v-if-->
          <!--v-if-->
        </button><button type="button" data-type="page" aria-label="Page 1" aria-current="page" data-selected="true" class="rounded-md font-medium inline-flex items-center disabled:cursor-not-allowed aria-disabled:cursor-not-allowed disabled:opacity-75 aria-disabled:opacity-75 transition-colors text-sm gap-1.5 text-inverted bg-primary hover:bg-primary/75 disabled:bg-primary aria-disabled:bg-primary focus-visible:outline-2 focus-visible:outline-offset-2 focus-visible:outline-primary p-1.5" value="1">
          <!--v-if--><span class="truncate min-w-5 text-center">1</span>
          <!--v-if-->
        </button><button type="button" data-type="page" aria-label="Page 2" class="rounded-md font-medium inline-flex items-center disabled:cursor-not-allowed aria-disabled:cursor-not-allowed disabled:opacity-75 aria-disabled:opacity-75 transition-colors text-sm gap-1.5 ring ring-inset ring-accented text-default bg-default hover:bg-elevated disabled:bg-default aria-disabled:bg-default focus:outline-none focus-visible:ring-2 focus-visible:ring-inverted p-1.5" value="2">
          <!--v-if--><span class="truncate min-w-5 text-center">2</span>
          <!--v-if-->
        </button><button type="button" aria-label="Next Page" class="rounded-md font-medium inline-flex items-center disabled:cursor-not-allowed aria-disabled:cursor-not-allowed disabled:opacity-75 aria-disabled:opacity-75 transition-colors text-sm gap-1.5 ring ring-inset ring-accented text-default bg-default hover:bg-elevated disabled:bg-default aria-disabled:bg-default focus:outline-none focus-visible:ring-2 focus-visible:ring-inverted p-1.5"><span class="iconify i-lucide:chevron-right shrink-0 size-5" aria-hidden="true"></span>
          <!--v-if-->
          <!--v-if-->
        </button><button type="button" aria-label="Last Page" class="rounded-md font-medium inline-flex items-center disabled:cursor-not-allowed aria-disabled:cursor-not-allowed disabled:opacity-75 aria-disabled:opacity-75 transition-colors text-sm gap-1.5 ring ring-inset ring-accented text-default bg-default hover:bg-elevated disabled:bg-default aria-disabled:bg-default focus:outline-none focus-visible:ring-2 focus-visible:ring-inverted p-1.5"><span class="iconify i-lucide:chevrons-right shrink-0 size-5" aria-hidden="true"></span>
          <!--v-if-->
          <!--v-if-->
        </button></div>
    </nav>
    <section class="my-30 mt-20">
      <div class="mx-auto">
        <div class="pt-12">
          <div><span class="inline-block py-4 text-3xl font-bold">Categories</span></div>
        </div>
        <div class="mt-5 grid grid-cols-1 gap-4 sm:grid-cols-2 md:grid-cols-3 lg:grid-cols-4">
          <div class="border-t"><a href="/posts/category/tech/" class="mt-3 flex font-medium">Tech</a></div>
          <div class="border-t"><a href="/posts/category/lifestyle/" class="mt-3 flex font-medium">Lifestyle</a></div>
        </div>
      </div>
    </section>
  </main>
</div>"
`;
