// Vitest Snapshot v1, https://vitest.dev/guide/snapshot.html

exports[`SPagePostCollectionKeywordAsTitle Snapshot > renders with no categories (with auth) correctly 1`] = `
"<div>
  <section class="py-20">
    <h1 class="md:text-center">Posts</h1>
    <!--v-if-->
  </section>
  <div class="pb-20">
    <!-- rows:  posts -->
    <div class="space-y-4">
      <article class="py-16 grid grid-cols-1 gap-6 lg:grid-cols-12">
        <div class="lg:col-span-8"><a href="/posts/post-one/">
            <!--v-if-->
            <!-- Title -->
            <h2 class="mb-4 text-4xl font-extrabold hover:underline">One</h2>
          </a>
          <p class="mb-4 text-xl"><span></span></p>
          <!--v-if-->
          <div class="flex flex-wrap gap-2 mt-4"><a href="/posts/category/tech/" class="rounded-full border border-blue-300 bg-blue-50 px-3 py-1 text-sm font-medium text-blue-600 hover:bg-blue-100 dark:border-blue-700 dark:bg-blue-900/30 dark:text-blue-300 dark:hover:bg-blue-800/50">Tech</a></div>
        </div>
        <div class="lg:col-span-3 lg:col-start-8">
          <!-- Right column (30%) -->
        </div>
      </article>
      <article class="py-16 grid grid-cols-1 gap-6 lg:grid-cols-12">
        <div class="lg:col-span-8"><a href="/posts/post-two/">
            <!--v-if-->
            <!-- Title -->
            <h2 class="mb-4 text-4xl font-extrabold hover:underline">Two</h2>
          </a>
          <p class="mb-4 text-xl"><span>Test excerpt</span></p>
          <!--v-if-->
          <div class="flex flex-wrap gap-2 mt-4"><a href="/posts/category/tech/" class="rounded-full border border-blue-300 bg-blue-50 px-3 py-1 text-sm font-medium text-blue-600 hover:bg-blue-100 dark:border-blue-700 dark:bg-blue-900/30 dark:text-blue-300 dark:hover:bg-blue-800/50">Tech</a></div>
        </div>
        <div class="lg:col-span-3 lg:col-start-8">
          <!-- Right column (30%) -->
        </div>
      </article>
    </div>
    <nav class="mt-20 flex justify-center overflow-x-auto rounded-none" aria-label="pagination">
      <div class="flex items-center gap-1"><button type="button" disabled="" aria-label="First Page" class="rounded-md font-medium inline-flex items-center disabled:cursor-not-allowed aria-disabled:cursor-not-allowed disabled:opacity-75 aria-disabled:opacity-75 transition-colors text-sm gap-1.5 ring ring-inset ring-accented text-default bg-default hover:bg-elevated disabled:bg-default aria-disabled:bg-default focus:outline-none focus-visible:ring-2 focus-visible:ring-inverted p-1.5"><span class="iconify i-lucide:chevrons-left shrink-0 size-5" aria-hidden="true"></span>
          <!--v-if-->
          <!--v-if-->
        </button><button type="button" disabled="" aria-label="Previous Page" class="rounded-md font-medium inline-flex items-center disabled:cursor-not-allowed aria-disabled:cursor-not-allowed disabled:opacity-75 aria-disabled:opacity-75 transition-colors text-sm gap-1.5 ring ring-inset ring-accented text-default bg-default hover:bg-elevated disabled:bg-default aria-disabled:bg-default focus:outline-none focus-visible:ring-2 focus-visible:ring-inverted p-1.5"><span class="iconify i-lucide:chevron-left shrink-0 size-5" aria-hidden="true"></span>
          <!--v-if-->
          <!--v-if-->
        </button><button type="button" data-type="page" aria-label="Page 1" aria-current="page" data-selected="true" class="rounded-md font-medium inline-flex items-center disabled:cursor-not-allowed aria-disabled:cursor-not-allowed disabled:opacity-75 aria-disabled:opacity-75 transition-colors text-sm gap-1.5 text-inverted bg-primary hover:bg-primary/75 disabled:bg-primary aria-disabled:bg-primary focus-visible:outline-2 focus-visible:outline-offset-2 focus-visible:outline-primary p-1.5" value="1">
          <!--v-if--><span class="truncate min-w-5 text-center">1</span>
          <!--v-if-->
        </button><button type="button" data-type="page" aria-label="Page 2" class="rounded-md font-medium inline-flex items-center disabled:cursor-not-allowed aria-disabled:cursor-not-allowed disabled:opacity-75 aria-disabled:opacity-75 transition-colors text-sm gap-1.5 ring ring-inset ring-accented text-default bg-default hover:bg-elevated disabled:bg-default aria-disabled:bg-default focus:outline-none focus-visible:ring-2 focus-visible:ring-inverted p-1.5" value="2">
          <!--v-if--><span class="truncate min-w-5 text-center">2</span>
          <!--v-if-->
        </button><button type="button" aria-label="Next Page" class="rounded-md font-medium inline-flex items-center disabled:cursor-not-allowed aria-disabled:cursor-not-allowed disabled:opacity-75 aria-disabled:opacity-75 transition-colors text-sm gap-1.5 ring ring-inset ring-accented text-default bg-default hover:bg-elevated disabled:bg-default aria-disabled:bg-default focus:outline-none focus-visible:ring-2 focus-visible:ring-inverted p-1.5"><span class="iconify i-lucide:chevron-right shrink-0 size-5" aria-hidden="true"></span>
          <!--v-if-->
          <!--v-if-->
        </button><button type="button" aria-label="Last Page" class="rounded-md font-medium inline-flex items-center disabled:cursor-not-allowed aria-disabled:cursor-not-allowed disabled:opacity-75 aria-disabled:opacity-75 transition-colors text-sm gap-1.5 ring ring-inset ring-accented text-default bg-default hover:bg-elevated disabled:bg-default aria-disabled:bg-default focus:outline-none focus-visible:ring-2 focus-visible:ring-inverted p-1.5"><span class="iconify i-lucide:chevrons-right shrink-0 size-5" aria-hidden="true"></span>
          <!--v-if-->
          <!--v-if-->
        </button></div>
    </nav>
    <!--v-if-->
  </div>
</div>"
`;

exports[`SPagePostCollectionKeywordAsTitle Snapshot > renders with no categories (without auth) correctly 1`] = `
"<div>
  <section class="py-20">
    <h1 class="md:text-center">Posts</h1>
    <!--v-if-->
  </section>
  <div class="pb-20">
    <!-- rows:  posts -->
    <div class="space-y-4">
      <article class="py-16 grid grid-cols-1 gap-6 lg:grid-cols-12">
        <div class="lg:col-span-8"><a href="/posts/post-one/">
            <!--v-if-->
            <!-- Title -->
            <h2 class="mb-4 text-4xl font-extrabold hover:underline">One</h2>
          </a>
          <p class="mb-4 text-xl"><span></span></p>
          <!--v-if-->
          <div class="flex flex-wrap gap-2 mt-4"><a href="/posts/category/tech/" class="rounded-full border border-blue-300 bg-blue-50 px-3 py-1 text-sm font-medium text-blue-600 hover:bg-blue-100 dark:border-blue-700 dark:bg-blue-900/30 dark:text-blue-300 dark:hover:bg-blue-800/50">Tech</a></div>
        </div>
        <div class="lg:col-span-3 lg:col-start-8">
          <!-- Right column (30%) -->
        </div>
      </article>
      <article class="py-16 grid grid-cols-1 gap-6 lg:grid-cols-12">
        <div class="lg:col-span-8"><a href="/posts/post-two/">
            <!--v-if-->
            <!-- Title -->
            <h2 class="mb-4 text-4xl font-extrabold hover:underline">Two</h2>
          </a>
          <p class="mb-4 text-xl"><span>Test excerpt</span></p>
          <!--v-if-->
          <div class="flex flex-wrap gap-2 mt-4"><a href="/posts/category/tech/" class="rounded-full border border-blue-300 bg-blue-50 px-3 py-1 text-sm font-medium text-blue-600 hover:bg-blue-100 dark:border-blue-700 dark:bg-blue-900/30 dark:text-blue-300 dark:hover:bg-blue-800/50">Tech</a></div>
        </div>
        <div class="lg:col-span-3 lg:col-start-8">
          <!-- Right column (30%) -->
        </div>
      </article>
    </div>
    <nav class="mt-20 flex justify-center overflow-x-auto rounded-none" aria-label="pagination">
      <div class="flex items-center gap-1"><button type="button" disabled="" aria-label="First Page" class="rounded-md font-medium inline-flex items-center disabled:cursor-not-allowed aria-disabled:cursor-not-allowed disabled:opacity-75 aria-disabled:opacity-75 transition-colors text-sm gap-1.5 ring ring-inset ring-accented text-default bg-default hover:bg-elevated disabled:bg-default aria-disabled:bg-default focus:outline-none focus-visible:ring-2 focus-visible:ring-inverted p-1.5"><span class="iconify i-lucide:chevrons-left shrink-0 size-5" aria-hidden="true"></span>
          <!--v-if-->
          <!--v-if-->
        </button><button type="button" disabled="" aria-label="Previous Page" class="rounded-md font-medium inline-flex items-center disabled:cursor-not-allowed aria-disabled:cursor-not-allowed disabled:opacity-75 aria-disabled:opacity-75 transition-colors text-sm gap-1.5 ring ring-inset ring-accented text-default bg-default hover:bg-elevated disabled:bg-default aria-disabled:bg-default focus:outline-none focus-visible:ring-2 focus-visible:ring-inverted p-1.5"><span class="iconify i-lucide:chevron-left shrink-0 size-5" aria-hidden="true"></span>
          <!--v-if-->
          <!--v-if-->
        </button><button type="button" data-type="page" aria-label="Page 1" aria-current="page" data-selected="true" class="rounded-md font-medium inline-flex items-center disabled:cursor-not-allowed aria-disabled:cursor-not-allowed disabled:opacity-75 aria-disabled:opacity-75 transition-colors text-sm gap-1.5 text-inverted bg-primary hover:bg-primary/75 disabled:bg-primary aria-disabled:bg-primary focus-visible:outline-2 focus-visible:outline-offset-2 focus-visible:outline-primary p-1.5" value="1">
          <!--v-if--><span class="truncate min-w-5 text-center">1</span>
          <!--v-if-->
        </button><button type="button" data-type="page" aria-label="Page 2" class="rounded-md font-medium inline-flex items-center disabled:cursor-not-allowed aria-disabled:cursor-not-allowed disabled:opacity-75 aria-disabled:opacity-75 transition-colors text-sm gap-1.5 ring ring-inset ring-accented text-default bg-default hover:bg-elevated disabled:bg-default aria-disabled:bg-default focus:outline-none focus-visible:ring-2 focus-visible:ring-inverted p-1.5" value="2">
          <!--v-if--><span class="truncate min-w-5 text-center">2</span>
          <!--v-if-->
        </button><button type="button" aria-label="Next Page" class="rounded-md font-medium inline-flex items-center disabled:cursor-not-allowed aria-disabled:cursor-not-allowed disabled:opacity-75 aria-disabled:opacity-75 transition-colors text-sm gap-1.5 ring ring-inset ring-accented text-default bg-default hover:bg-elevated disabled:bg-default aria-disabled:bg-default focus:outline-none focus-visible:ring-2 focus-visible:ring-inverted p-1.5"><span class="iconify i-lucide:chevron-right shrink-0 size-5" aria-hidden="true"></span>
          <!--v-if-->
          <!--v-if-->
        </button><button type="button" aria-label="Last Page" class="rounded-md font-medium inline-flex items-center disabled:cursor-not-allowed aria-disabled:cursor-not-allowed disabled:opacity-75 aria-disabled:opacity-75 transition-colors text-sm gap-1.5 ring ring-inset ring-accented text-default bg-default hover:bg-elevated disabled:bg-default aria-disabled:bg-default focus:outline-none focus-visible:ring-2 focus-visible:ring-inverted p-1.5"><span class="iconify i-lucide:chevrons-right shrink-0 size-5" aria-hidden="true"></span>
          <!--v-if-->
          <!--v-if-->
        </button></div>
    </nav>
    <!--v-if-->
  </div>
</div>"
`;

exports[`SPagePostCollectionKeywordAsTitle Snapshot > renders with no posts (with auth) correctly 1`] = `
"<div>
  <section class="py-20">
    <h1 class="md:text-center">Posts</h1>
    <!--v-if-->
  </section>
  <div class="pb-20">
    <!-- rows:  posts -->
    <div class="space-y-4"></div>
    <nav class="mt-20 flex justify-center overflow-x-auto rounded-none" aria-label="pagination">
      <div class="flex items-center gap-1"><button type="button" disabled="" aria-label="First Page" class="rounded-md font-medium inline-flex items-center disabled:cursor-not-allowed aria-disabled:cursor-not-allowed disabled:opacity-75 aria-disabled:opacity-75 transition-colors text-sm gap-1.5 ring ring-inset ring-accented text-default bg-default hover:bg-elevated disabled:bg-default aria-disabled:bg-default focus:outline-none focus-visible:ring-2 focus-visible:ring-inverted p-1.5"><span class="iconify i-lucide:chevrons-left shrink-0 size-5" aria-hidden="true"></span>
          <!--v-if-->
          <!--v-if-->
        </button><button type="button" disabled="" aria-label="Previous Page" class="rounded-md font-medium inline-flex items-center disabled:cursor-not-allowed aria-disabled:cursor-not-allowed disabled:opacity-75 aria-disabled:opacity-75 transition-colors text-sm gap-1.5 ring ring-inset ring-accented text-default bg-default hover:bg-elevated disabled:bg-default aria-disabled:bg-default focus:outline-none focus-visible:ring-2 focus-visible:ring-inverted p-1.5"><span class="iconify i-lucide:chevron-left shrink-0 size-5" aria-hidden="true"></span>
          <!--v-if-->
          <!--v-if-->
        </button><button type="button" data-type="page" aria-label="Page 1" aria-current="page" data-selected="true" class="rounded-md font-medium inline-flex items-center disabled:cursor-not-allowed aria-disabled:cursor-not-allowed disabled:opacity-75 aria-disabled:opacity-75 transition-colors text-sm gap-1.5 text-inverted bg-primary hover:bg-primary/75 disabled:bg-primary aria-disabled:bg-primary focus-visible:outline-2 focus-visible:outline-offset-2 focus-visible:outline-primary p-1.5" value="1">
          <!--v-if--><span class="truncate min-w-5 text-center">1</span>
          <!--v-if-->
        </button><button type="button" disabled="" aria-label="Next Page" class="rounded-md font-medium inline-flex items-center disabled:cursor-not-allowed aria-disabled:cursor-not-allowed disabled:opacity-75 aria-disabled:opacity-75 transition-colors text-sm gap-1.5 ring ring-inset ring-accented text-default bg-default hover:bg-elevated disabled:bg-default aria-disabled:bg-default focus:outline-none focus-visible:ring-2 focus-visible:ring-inverted p-1.5"><span class="iconify i-lucide:chevron-right shrink-0 size-5" aria-hidden="true"></span>
          <!--v-if-->
          <!--v-if-->
        </button><button type="button" disabled="" aria-label="Last Page" class="rounded-md font-medium inline-flex items-center disabled:cursor-not-allowed aria-disabled:cursor-not-allowed disabled:opacity-75 aria-disabled:opacity-75 transition-colors text-sm gap-1.5 ring ring-inset ring-accented text-default bg-default hover:bg-elevated disabled:bg-default aria-disabled:bg-default focus:outline-none focus-visible:ring-2 focus-visible:ring-inverted p-1.5"><span class="iconify i-lucide:chevrons-right shrink-0 size-5" aria-hidden="true"></span>
          <!--v-if-->
          <!--v-if-->
        </button></div>
    </nav>
    <!--v-if-->
  </div>
</div>"
`;

exports[`SPagePostCollectionKeywordAsTitle Snapshot > renders with no posts (without auth) correctly 1`] = `
"<div>
  <section class="py-20">
    <h1 class="md:text-center">Posts</h1>
    <!--v-if-->
  </section>
  <div class="pb-20">
    <!-- rows:  posts -->
    <div class="space-y-4"></div>
    <nav class="mt-20 flex justify-center overflow-x-auto rounded-none" aria-label="pagination">
      <div class="flex items-center gap-1"><button type="button" disabled="" aria-label="First Page" class="rounded-md font-medium inline-flex items-center disabled:cursor-not-allowed aria-disabled:cursor-not-allowed disabled:opacity-75 aria-disabled:opacity-75 transition-colors text-sm gap-1.5 ring ring-inset ring-accented text-default bg-default hover:bg-elevated disabled:bg-default aria-disabled:bg-default focus:outline-none focus-visible:ring-2 focus-visible:ring-inverted p-1.5"><span class="iconify i-lucide:chevrons-left shrink-0 size-5" aria-hidden="true"></span>
          <!--v-if-->
          <!--v-if-->
        </button><button type="button" disabled="" aria-label="Previous Page" class="rounded-md font-medium inline-flex items-center disabled:cursor-not-allowed aria-disabled:cursor-not-allowed disabled:opacity-75 aria-disabled:opacity-75 transition-colors text-sm gap-1.5 ring ring-inset ring-accented text-default bg-default hover:bg-elevated disabled:bg-default aria-disabled:bg-default focus:outline-none focus-visible:ring-2 focus-visible:ring-inverted p-1.5"><span class="iconify i-lucide:chevron-left shrink-0 size-5" aria-hidden="true"></span>
          <!--v-if-->
          <!--v-if-->
        </button><button type="button" data-type="page" aria-label="Page 1" aria-current="page" data-selected="true" class="rounded-md font-medium inline-flex items-center disabled:cursor-not-allowed aria-disabled:cursor-not-allowed disabled:opacity-75 aria-disabled:opacity-75 transition-colors text-sm gap-1.5 text-inverted bg-primary hover:bg-primary/75 disabled:bg-primary aria-disabled:bg-primary focus-visible:outline-2 focus-visible:outline-offset-2 focus-visible:outline-primary p-1.5" value="1">
          <!--v-if--><span class="truncate min-w-5 text-center">1</span>
          <!--v-if-->
        </button><button type="button" disabled="" aria-label="Next Page" class="rounded-md font-medium inline-flex items-center disabled:cursor-not-allowed aria-disabled:cursor-not-allowed disabled:opacity-75 aria-disabled:opacity-75 transition-colors text-sm gap-1.5 ring ring-inset ring-accented text-default bg-default hover:bg-elevated disabled:bg-default aria-disabled:bg-default focus:outline-none focus-visible:ring-2 focus-visible:ring-inverted p-1.5"><span class="iconify i-lucide:chevron-right shrink-0 size-5" aria-hidden="true"></span>
          <!--v-if-->
          <!--v-if-->
        </button><button type="button" disabled="" aria-label="Last Page" class="rounded-md font-medium inline-flex items-center disabled:cursor-not-allowed aria-disabled:cursor-not-allowed disabled:opacity-75 aria-disabled:opacity-75 transition-colors text-sm gap-1.5 ring ring-inset ring-accented text-default bg-default hover:bg-elevated disabled:bg-default aria-disabled:bg-default focus:outline-none focus-visible:ring-2 focus-visible:ring-inverted p-1.5"><span class="iconify i-lucide:chevrons-right shrink-0 size-5" aria-hidden="true"></span>
          <!--v-if-->
          <!--v-if-->
        </button></div>
    </nav>
    <!--v-if-->
  </div>
</div>"
`;

exports[`SPagePostCollectionKeywordAsTitle Snapshot > renders with posts and categories (with auth) correctly 1`] = `
"<div>
  <section class="py-20">
    <h1 class="md:text-center">Posts</h1>
    <!--v-if-->
  </section>
  <div class="pb-20">
    <!-- rows:  posts -->
    <div class="space-y-4">
      <article class="py-16 grid grid-cols-1 gap-6 lg:grid-cols-12">
        <div class="lg:col-span-8"><a href="/posts/post-one/">
            <!--v-if-->
            <!-- Title -->
            <h2 class="mb-4 text-4xl font-extrabold hover:underline">One</h2>
          </a>
          <p class="mb-4 text-xl"><span></span></p>
          <!--v-if-->
          <div class="flex flex-wrap gap-2 mt-4"><a href="/posts/category/tech/" class="rounded-full border border-blue-300 bg-blue-50 px-3 py-1 text-sm font-medium text-blue-600 hover:bg-blue-100 dark:border-blue-700 dark:bg-blue-900/30 dark:text-blue-300 dark:hover:bg-blue-800/50">Tech</a></div>
        </div>
        <div class="lg:col-span-3 lg:col-start-8">
          <!-- Right column (30%) -->
        </div>
      </article>
      <article class="py-16 grid grid-cols-1 gap-6 lg:grid-cols-12">
        <div class="lg:col-span-8"><a href="/posts/post-two/">
            <!--v-if-->
            <!-- Title -->
            <h2 class="mb-4 text-4xl font-extrabold hover:underline">Two</h2>
          </a>
          <p class="mb-4 text-xl"><span>Test excerpt</span></p>
          <!--v-if-->
          <div class="flex flex-wrap gap-2 mt-4"><a href="/posts/category/tech/" class="rounded-full border border-blue-300 bg-blue-50 px-3 py-1 text-sm font-medium text-blue-600 hover:bg-blue-100 dark:border-blue-700 dark:bg-blue-900/30 dark:text-blue-300 dark:hover:bg-blue-800/50">Tech</a></div>
        </div>
        <div class="lg:col-span-3 lg:col-start-8">
          <!-- Right column (30%) -->
        </div>
      </article>
    </div>
    <nav class="mt-20 flex justify-center overflow-x-auto rounded-none" aria-label="pagination">
      <div class="flex items-center gap-1"><button type="button" disabled="" aria-label="First Page" class="rounded-md font-medium inline-flex items-center disabled:cursor-not-allowed aria-disabled:cursor-not-allowed disabled:opacity-75 aria-disabled:opacity-75 transition-colors text-sm gap-1.5 ring ring-inset ring-accented text-default bg-default hover:bg-elevated disabled:bg-default aria-disabled:bg-default focus:outline-none focus-visible:ring-2 focus-visible:ring-inverted p-1.5"><span class="iconify i-lucide:chevrons-left shrink-0 size-5" aria-hidden="true"></span>
          <!--v-if-->
          <!--v-if-->
        </button><button type="button" disabled="" aria-label="Previous Page" class="rounded-md font-medium inline-flex items-center disabled:cursor-not-allowed aria-disabled:cursor-not-allowed disabled:opacity-75 aria-disabled:opacity-75 transition-colors text-sm gap-1.5 ring ring-inset ring-accented text-default bg-default hover:bg-elevated disabled:bg-default aria-disabled:bg-default focus:outline-none focus-visible:ring-2 focus-visible:ring-inverted p-1.5"><span class="iconify i-lucide:chevron-left shrink-0 size-5" aria-hidden="true"></span>
          <!--v-if-->
          <!--v-if-->
        </button><button type="button" data-type="page" aria-label="Page 1" aria-current="page" data-selected="true" class="rounded-md font-medium inline-flex items-center disabled:cursor-not-allowed aria-disabled:cursor-not-allowed disabled:opacity-75 aria-disabled:opacity-75 transition-colors text-sm gap-1.5 text-inverted bg-primary hover:bg-primary/75 disabled:bg-primary aria-disabled:bg-primary focus-visible:outline-2 focus-visible:outline-offset-2 focus-visible:outline-primary p-1.5" value="1">
          <!--v-if--><span class="truncate min-w-5 text-center">1</span>
          <!--v-if-->
        </button><button type="button" data-type="page" aria-label="Page 2" class="rounded-md font-medium inline-flex items-center disabled:cursor-not-allowed aria-disabled:cursor-not-allowed disabled:opacity-75 aria-disabled:opacity-75 transition-colors text-sm gap-1.5 ring ring-inset ring-accented text-default bg-default hover:bg-elevated disabled:bg-default aria-disabled:bg-default focus:outline-none focus-visible:ring-2 focus-visible:ring-inverted p-1.5" value="2">
          <!--v-if--><span class="truncate min-w-5 text-center">2</span>
          <!--v-if-->
        </button><button type="button" aria-label="Next Page" class="rounded-md font-medium inline-flex items-center disabled:cursor-not-allowed aria-disabled:cursor-not-allowed disabled:opacity-75 aria-disabled:opacity-75 transition-colors text-sm gap-1.5 ring ring-inset ring-accented text-default bg-default hover:bg-elevated disabled:bg-default aria-disabled:bg-default focus:outline-none focus-visible:ring-2 focus-visible:ring-inverted p-1.5"><span class="iconify i-lucide:chevron-right shrink-0 size-5" aria-hidden="true"></span>
          <!--v-if-->
          <!--v-if-->
        </button><button type="button" aria-label="Last Page" class="rounded-md font-medium inline-flex items-center disabled:cursor-not-allowed aria-disabled:cursor-not-allowed disabled:opacity-75 aria-disabled:opacity-75 transition-colors text-sm gap-1.5 ring ring-inset ring-accented text-default bg-default hover:bg-elevated disabled:bg-default aria-disabled:bg-default focus:outline-none focus-visible:ring-2 focus-visible:ring-inverted p-1.5"><span class="iconify i-lucide:chevrons-right shrink-0 size-5" aria-hidden="true"></span>
          <!--v-if-->
          <!--v-if-->
        </button></div>
    </nav>
    <!--v-if-->
  </div>
</div>"
`;

exports[`SPagePostCollectionKeywordAsTitle Snapshot > renders with posts and categories (without auth) correctly 1`] = `
"<div>
  <section class="py-20">
    <h1 class="md:text-center">Posts</h1>
    <!--v-if-->
  </section>
  <div class="pb-20">
    <!-- rows:  posts -->
    <div class="space-y-4">
      <article class="py-16 grid grid-cols-1 gap-6 lg:grid-cols-12">
        <div class="lg:col-span-8"><a href="/posts/post-one/">
            <!--v-if-->
            <!-- Title -->
            <h2 class="mb-4 text-4xl font-extrabold hover:underline">One</h2>
          </a>
          <p class="mb-4 text-xl"><span></span></p>
          <!--v-if-->
          <div class="flex flex-wrap gap-2 mt-4"><a href="/posts/category/tech/" class="rounded-full border border-blue-300 bg-blue-50 px-3 py-1 text-sm font-medium text-blue-600 hover:bg-blue-100 dark:border-blue-700 dark:bg-blue-900/30 dark:text-blue-300 dark:hover:bg-blue-800/50">Tech</a></div>
        </div>
        <div class="lg:col-span-3 lg:col-start-8">
          <!-- Right column (30%) -->
        </div>
      </article>
      <article class="py-16 grid grid-cols-1 gap-6 lg:grid-cols-12">
        <div class="lg:col-span-8"><a href="/posts/post-two/">
            <!--v-if-->
            <!-- Title -->
            <h2 class="mb-4 text-4xl font-extrabold hover:underline">Two</h2>
          </a>
          <p class="mb-4 text-xl"><span>Test excerpt</span></p>
          <!--v-if-->
          <div class="flex flex-wrap gap-2 mt-4"><a href="/posts/category/tech/" class="rounded-full border border-blue-300 bg-blue-50 px-3 py-1 text-sm font-medium text-blue-600 hover:bg-blue-100 dark:border-blue-700 dark:bg-blue-900/30 dark:text-blue-300 dark:hover:bg-blue-800/50">Tech</a></div>
        </div>
        <div class="lg:col-span-3 lg:col-start-8">
          <!-- Right column (30%) -->
        </div>
      </article>
    </div>
    <nav class="mt-20 flex justify-center overflow-x-auto rounded-none" aria-label="pagination">
      <div class="flex items-center gap-1"><button type="button" disabled="" aria-label="First Page" class="rounded-md font-medium inline-flex items-center disabled:cursor-not-allowed aria-disabled:cursor-not-allowed disabled:opacity-75 aria-disabled:opacity-75 transition-colors text-sm gap-1.5 ring ring-inset ring-accented text-default bg-default hover:bg-elevated disabled:bg-default aria-disabled:bg-default focus:outline-none focus-visible:ring-2 focus-visible:ring-inverted p-1.5"><span class="iconify i-lucide:chevrons-left shrink-0 size-5" aria-hidden="true"></span>
          <!--v-if-->
          <!--v-if-->
        </button><button type="button" disabled="" aria-label="Previous Page" class="rounded-md font-medium inline-flex items-center disabled:cursor-not-allowed aria-disabled:cursor-not-allowed disabled:opacity-75 aria-disabled:opacity-75 transition-colors text-sm gap-1.5 ring ring-inset ring-accented text-default bg-default hover:bg-elevated disabled:bg-default aria-disabled:bg-default focus:outline-none focus-visible:ring-2 focus-visible:ring-inverted p-1.5"><span class="iconify i-lucide:chevron-left shrink-0 size-5" aria-hidden="true"></span>
          <!--v-if-->
          <!--v-if-->
        </button><button type="button" data-type="page" aria-label="Page 1" aria-current="page" data-selected="true" class="rounded-md font-medium inline-flex items-center disabled:cursor-not-allowed aria-disabled:cursor-not-allowed disabled:opacity-75 aria-disabled:opacity-75 transition-colors text-sm gap-1.5 text-inverted bg-primary hover:bg-primary/75 disabled:bg-primary aria-disabled:bg-primary focus-visible:outline-2 focus-visible:outline-offset-2 focus-visible:outline-primary p-1.5" value="1">
          <!--v-if--><span class="truncate min-w-5 text-center">1</span>
          <!--v-if-->
        </button><button type="button" data-type="page" aria-label="Page 2" class="rounded-md font-medium inline-flex items-center disabled:cursor-not-allowed aria-disabled:cursor-not-allowed disabled:opacity-75 aria-disabled:opacity-75 transition-colors text-sm gap-1.5 ring ring-inset ring-accented text-default bg-default hover:bg-elevated disabled:bg-default aria-disabled:bg-default focus:outline-none focus-visible:ring-2 focus-visible:ring-inverted p-1.5" value="2">
          <!--v-if--><span class="truncate min-w-5 text-center">2</span>
          <!--v-if-->
        </button><button type="button" aria-label="Next Page" class="rounded-md font-medium inline-flex items-center disabled:cursor-not-allowed aria-disabled:cursor-not-allowed disabled:opacity-75 aria-disabled:opacity-75 transition-colors text-sm gap-1.5 ring ring-inset ring-accented text-default bg-default hover:bg-elevated disabled:bg-default aria-disabled:bg-default focus:outline-none focus-visible:ring-2 focus-visible:ring-inverted p-1.5"><span class="iconify i-lucide:chevron-right shrink-0 size-5" aria-hidden="true"></span>
          <!--v-if-->
          <!--v-if-->
        </button><button type="button" aria-label="Last Page" class="rounded-md font-medium inline-flex items-center disabled:cursor-not-allowed aria-disabled:cursor-not-allowed disabled:opacity-75 aria-disabled:opacity-75 transition-colors text-sm gap-1.5 ring ring-inset ring-accented text-default bg-default hover:bg-elevated disabled:bg-default aria-disabled:bg-default focus:outline-none focus-visible:ring-2 focus-visible:ring-inverted p-1.5"><span class="iconify i-lucide:chevrons-right shrink-0 size-5" aria-hidden="true"></span>
          <!--v-if-->
          <!--v-if-->
        </button></div>
    </nav>
    <!--v-if-->
  </div>
</div>"
`;
