// Vitest Snapshot v1, https://vitest.dev/guide/snapshot.html

exports[`SPageToolCollection Snapshot > renders the default snapshot correctly 1`] = `
"<div class="container">
  <div class="px-4 py-10 sm:px-6 sm:py-16 md:px-8 md:py-20">
    <section class="py-20">
      <h1 class="md:text-center">Tools</h1>
      <p data-testid="subtitle" class="sm:text-md text-left text-base md:text-center">Free online tools and apps for combining, converting, compressing &amp; convenience.</p>
    </section>
    <section class="md:container md:mx-auto">
      <div class="grid grid-cols-1 gap-4 sm:grid-cols-2 md:grid-cols-3">
        <!-- Col 1 -->
        <div>
          <h2 class="mb-4 text-xs uppercase">Combine</h2>
          <ul>
            <li><a href="/tools/combine-csv-files/" class="flex items-center"> Combine CSVs </a></li>
          </ul>
        </div><!-- Col 2 -->
        <div>
          <h2 class="mb-4 text-xs uppercase">Convert</h2>
          <ul>
            <li><a href="/tools/convert-json-to-csv/" class="flex items-center"> JSON to CSV </a></li>
          </ul>
        </div><!-- Col 3 -->
        <div>
          <h2 class="mb-4 text-xs uppercase">Counters</h2>
          <ul>
            <li class="mb-2"><a href="/tools/count-characters/" class="flex items-center"> Character Counter </a></li>
            <li class="mb-2"><a href="/tools/paragraph-counter/" class="flex items-center"> Paragraph Counter </a></li>
          </ul>
        </div>
      </div>
    </section>
  </div>
  <section data-orientation="vertical" class="relative isolate text-center">
    <div class="w-full max-w-(--ui-container) mx-auto px-4 sm:px-6 lg:px-8 flex flex-col lg:grid py-16 sm:py-24 lg:py-32 gap-8 sm:gap-16">
      <div class="">
        <!--v-if-->
        <!--v-if-->
        <h2 class="text-3xl sm:text-4xl lg:text-5xl text-pretty tracking-tight font-bold text-highlighted text-center">Subscribe to the newsletter</h2>
        <div class="text-base sm:text-lg text-muted text-center text-balance mt-6">Join a trillion other readers getting the best info on AI &amp; technology and stay ahead of the curve.</div>
        <!--v-if-->
        <!--v-if-->
      </div>
      <div class="flex justify-center">
        <!-- For white background --><button type="button" class="disabled:bg-primary aria-disabled:bg-primary focus-visible:outline-2 focus-visible:outline-offset-2 focus-visible:outline-primary my-4 inline-flex items-center gap-2 rounded-md border border-neutral-800 bg-(--ui-background) px-8 py-3 text-lg font-semibold transition-colors hover:bg-neutral-100 focus:outline-hidden focus-visible:ring-2 focus-visible:ring-(--ui-primary) disabled:cursor-not-allowed disabled:opacity-75 aria-disabled:cursor-not-allowed aria-disabled:opacity-75 dark:bg-(--ui-background) dark:text-white dark:border-white dark:hover:bg-neutral-700 text-neutral-800">
          <!--v-if--><span class="truncate">Subscribe</span>
          <!--v-if-->
        </button>
        <!--v-if-->
        <!--teleport start-->
        <!--teleport end-->
      </div>
    </div>
  </section>
</div>"
`;
