// Vitest Snapshot v1, https://vitest.dev/guide/snapshot.html

exports[`SPageToolCombineCsvFiles Snapshot > renders the default snapshot correctly 1`] = `
"<div class="container">
  <div class="px-4 py-10 sm:px-6 sm:py-16 md:px-8 md:py-20">
    <section class="py-20">
      <h1 class="md:text-center">Combine CSV Files</h1>
      <p data-testid="subtitle" class="sm:text-md text-left text-base md:text-center">Merge multiple spreadsheet or excel files like .csv, .xls and .xlxs.</p>
    </section><!-- box -->
    <div class="flex justify-center">
      <div class="relative inline-flex items-center mb-10"><input type="file" class="w-full rounded-md border-0 placeholder:text-dimmed focus:outline-none disabled:cursor-not-allowed disabled:opacity-75 transition-colors px-2.5 py-1.5 text-sm gap-1.5 text-highlighted bg-default ring ring-inset ring-accented file:me-1.5 file:font-medium file:text-muted file:outline-none focus-visible:ring-2 focus-visible:ring-inset focus-visible:ring-primary" autocomplete="off" multiple="" accept=".csv,.xls,.xlsx">
        <!--v-if-->
        <!--v-if-->
      </div>
    </div><!-- button --><button type="button" class="rounded-md font-medium items-center disabled:cursor-not-allowed aria-disabled:cursor-not-allowed disabled:opacity-75 aria-disabled:opacity-75 transition-colors px-2.5 py-1.5 text-sm gap-1.5 text-inverted bg-primary hover:bg-primary/75 disabled:bg-primary aria-disabled:bg-primary focus-visible:outline-2 focus-visible:outline-offset-2 focus-visible:outline-primary mx-auto flex">
      <!--v-if-->Submit
      <!--v-if-->
    </button>
  </div>
</div>"
`;
