// Vitest Snapshot v1, https://vitest.dev/guide/snapshot.html

exports[`SPageToolCountCharacters Snapshot > renders the default snapshot correctly 1`] = `
"<div class="container">
  <div class="px-4 py-10 sm:px-6 sm:py-16 md:px-8 md:py-20">
    <section class="py-20">
      <h1 class="md:text-center">Character Counter</h1>
      <p data-testid="subtitle" class="sm:text-md text-left text-base md:text-center">A Free Online Character Counter.</p>
    </section><!-- box -->
    <div>
      <div class="relative inline-flex items-center mb-10 w-full"><textarea rows="15" placeholder="Paste your content here" class="w-full rounded-md border-0 placeholder:text-dimmed focus:outline-none disabled:cursor-not-allowed disabled:opacity-75 transition-colors px-2.5 py-1.5 text-sm gap-1.5 text-highlighted bg-default ring ring-inset ring-accented focus-visible:ring-2 focus-visible:ring-inset focus-visible:ring-primary" value=""></textarea>
        <!--v-if-->
        <!--v-if-->
      </div>
    </div><!-- button --><button type="button" class="rounded-md font-medium inline-flex items-center disabled:cursor-not-allowed aria-disabled:cursor-not-allowed disabled:opacity-75 aria-disabled:opacity-75 transition-colors px-2.5 py-1.5 text-sm gap-1.5 text-inverted bg-primary hover:bg-primary/75 disabled:bg-primary aria-disabled:bg-primary focus-visible:outline-2 focus-visible:outline-offset-2 focus-visible:outline-primary">
      <!--v-if-->Submit
      <!--v-if-->
    </button>
    <!--v-if-->
  </div>
</div>"
`;
